// Jest Snapshot v1, https://goo.gl/fbAQLP

exports[`it renders the header structure 1`] = `
<div
  className="bkMRIm"
>
  <div
    className="erWBAn"
  >
    <img
      className="gfQWxQ"
      height={120}
      src="/static/img/logo-notext.png"
      width={120}
    />
    <h1
      className="Jpfkj"
    />
    <p
      className="dlsGdS"
    />
  </div>
</div>
`;
